// Jest Snapshot v1, https://goo.gl/fbAQLP

exports[`ScreenTitle renders properly 1`] = `
<Text
  style={
    Array [
      Object {
        "alignSelf": "center",
        "color": "#595856",
        "fontSize": 40,
        "margin": 20,
      },
      undefined,
    ]
  }
>
  Test Title
</Text>
`;
