// Jest Snapshot v1, https://goo.gl/fbAQLP

exports[`Details renders correctly 1`] = `
<View
  style={
    Object {
      "alignItems": "center",
      "justifyContent": "center",
    }
  }
>
  <Text
    style={
      Array [
        Object {
          "alignSelf": "center",
          "color": "#595856",
          "fontSize": 40,
          "margin": 20,
        },
        Object {
          "alignSelf": "flex-end",
          "color": "black",
          "fontSize": 25,
        },
      ]
    }
  >
    
  </Text>
  <Text
    style={
      Object {
        "fontSize": 30,
      }
    }
  >
    Details Screen
  </Text>
</View>
`;

exports[`Welcome renders correctly 1`] = `
<View
  style={
    Object {
      "alignItems": "center",
      "justifyContent": "center",
    }
  }
>
  <Text
    style={
      Array [
        Object {
          "alignSelf": "center",
          "color": "#595856",
          "fontSize": 40,
          "margin": 20,
        },
        Object {
          "alignSelf": "flex-end",
          "color": "black",
          "fontSize": 25,
        },
      ]
    }
  >
    
  </Text>
  <Text
    style={
      Object {
        "fontSize": 30,
      }
    }
  >
    Details Screen
  </Text>
</View>
`;
