// Jest Snapshot v1, https://goo.gl/fbAQLP

exports[`App renders correclty 1`] = `
<View
  style={
    Object {
      "flex": 1,
    }
  }
>
  <RNCSafeAreaProvider
    onInsetsChange={[Function]}
    style={
      Array [
        Object {
          "flex": 1,
        },
        undefined,
      ]
    }
  >
    <View
      pointerEvents="box-none"
      style={
        Object {
          "zIndex": 1,
        }
      }
    >
      <View
        accessibilityElementsHidden={false}
        importantForAccessibility="auto"
        onLayout={[Function]}
        pointerEvents="box-none"
        style={null}
      >
        <View
          pointerEvents="box-none"
          style={
            Object {
              "bottom": 0,
              "left": 0,
              "opacity": 1,
              "position": "absolute",
              "right": 0,
              "top": 0,
              "zIndex": 0,
            }
          }
        >
          <View
            style={
              Object {
                "backgroundColor": "rgb(255, 255, 255)",
                "borderBottomColor": "rgb(216, 216, 216)",
                "flex": 1,
                "shadowColor": "rgb(216, 216, 216)",
                "shadowOffset": Object {
                  "height": 0.5,
                  "width": 0,
                },
                "shadowOpacity": 0.85,
                "shadowRadius": 0,
              }
            }
          />
        </View>
        <View
          pointerEvents="box-none"
          style={
            Object {
              "height": 64,
              "maxHeight": undefined,
              "minHeight": undefined,
              "opacity": undefined,
              "transform": undefined,
            }
          }
        >
          <View
            pointerEvents="none"
            style={
              Object {
                "height": 20,
              }
            }
          />
          <View
            pointerEvents="box-none"
            style={
              Object {
                "alignItems": "center",
                "flex": 1,
                "flexDirection": "row",
                "justifyContent": "center",
              }
            }
          >
            <View
              pointerEvents="box-none"
              style={
                Object {
                  "marginHorizontal": 16,
                  "opacity": 1,
                }
              }
            >
              <Text
                accessibilityRole="header"
                aria-level="1"
                numberOfLines={1}
                onLayout={[Function]}
                style={
                  Object {
                    "color": "rgb(28, 28, 30)",
                    "fontSize": 17,
                    "fontWeight": "600",
                  }
                }
              >
                Welcome
              </Text>
            </View>
          </View>
        </View>
      </View>
    </View>
    <View
      onLayout={[Function]}
      style={
        Object {
          "flex": 1,
        }
      }
    >
      <View
        pointerEvents="box-none"
        style={
          Object {
            "bottom": 0,
            "left": 0,
            "position": "absolute",
            "right": 0,
            "top": 0,
          }
        }
      >
        <View
          collapsable={false}
          style={
            Object {
              "opacity": 1,
            }
          }
        />
        <View
          accessibilityElementsHidden={false}
          closing={false}
          gestureVelocityImpact={0.3}
          importantForAccessibility="auto"
          onClose={[Function]}
          onGestureBegin={[Function]}
          onGestureCanceled={[Function]}
          onGestureEnd={[Function]}
          onOpen={[Function]}
          onTransitionStart={[Function]}
          pointerEvents="box-none"
          style={
            Object {
              "bottom": 0,
              "left": 0,
              "position": "absolute",
              "right": 0,
              "top": 0,
            }
          }
          transitionSpec={
            Object {
              "close": Object {
                "animation": "spring",
                "config": Object {
                  "damping": 500,
                  "mass": 3,
                  "overshootClamping": true,
                  "restDisplacementThreshold": 10,
                  "restSpeedThreshold": 10,
                  "stiffness": 1000,
                },
              },
              "open": Object {
                "animation": "spring",
                "config": Object {
                  "damping": 500,
                  "mass": 3,
                  "overshootClamping": true,
                  "restDisplacementThreshold": 10,
                  "restSpeedThreshold": 10,
                  "stiffness": 1000,
                },
              },
            }
          }
        >
          <View
            needsOffscreenAlphaCompositing={false}
            pointerEvents="box-none"
            style={
              Object {
                "flex": 1,
              }
            }
          >
            <View
              collapsable={false}
              forwardedRef={[Function]}
              onGestureHandlerEvent={[Function]}
              onGestureHandlerStateChange={[Function]}
              style={
                Object {
                  "flex": 1,
                  "transform": Array [
                    Object {
                      "translateX": 0,
                    },
                    Object {
                      "translateX": 0,
                    },
                  ],
                }
              }
            >
              <View
                pointerEvents="none"
                style={
                  Object {
                    "backgroundColor": "rgb(242, 242, 242)",
                    "bottom": 0,
                    "left": 0,
                    "position": "absolute",
                    "shadowColor": "#000",
                    "shadowOffset": Object {
                      "height": 1,
                      "width": -1,
                    },
                    "shadowOpacity": 0.3,
                    "shadowRadius": 5,
                    "top": 0,
                    "width": 3,
                  }
                }
              />
              <View
                style={
                  Array [
                    Object {
                      "flex": 1,
                      "overflow": "hidden",
                    },
                    Array [
                      Object {
                        "backgroundColor": "rgb(242, 242, 242)",
                      },
                      undefined,
                    ],
                  ]
                }
              >
                <View
                  style={
                    Object {
                      "flex": 1,
                      "flexDirection": "column-reverse",
                    }
                  }
                >
                  <View
                    style={
                      Object {
                        "flex": 1,
                      }
                    }
                  >
                    <View
                      style={
                        Object {
                          "backgroundColor": "rgba(240, 240, 240, 1)",
                          "flex": 1,
                        }
                      }
                    >
                      <Text
                        style={
                          Array [
                            Object {
                              "alignSelf": "center",
                              "color": "#595856",
                              "fontSize": 40,
                              "margin": 20,
                            },
                            undefined,
                          ]
                        }
                      >
                         Hi There, Welcome..!
                      </Text>
                      <View
                        style={
                          Object {
                            "marginHorizontal": 30,
                            "marginTop": 266.8,
                          }
                        }
                      >
                        <View
                          style={
                            Object {
                              "alignContent": "center",
                              "backgroundColor": "#00000000",
                              "borderColor": "#49658c",
                              "borderRadius": 12,
                              "borderWidth": 2,
                              "color": "#49658c",
                              "flexDirection": "row",
                              "justifyContent": "center",
                              "marginBottom": 30,
                              "paddingBottom": 10,
                              "paddingHorizontal": 11,
                              "paddingTop": 10,
                            }
                          }
                        >
                          <Text
                            onPress={[Function]}
                            style={
                              Object {
                                "color": "#49658c",
                                "fontSize": 14,
                                "left": 0,
                                "paddingLeft": 10,
                                "position": "absolute",
                                "transform": Array [
                                  Object {
                                    "translateX": 0,
                                  },
                                  Object {
                                    "translateY": 14,
                                  },
                                ],
                                "zIndex": 3,
                              }
                            }
                          >
                            Enter Full Name
                          </Text>
                          <TextInput
                            allowFontScaling={true}
                            containerStyles={
                              Object {
                                "marginBottom": 30,
                              }
                            }
                            label="Enter Full Name"
                            onBlur={[Function]}
                            onChangeText={[Function]}
                            onFocus={[Function]}
                            onSelectionChange={[Function]}
                            onSubmitEditing={[Function]}
                            placeholder="Enter Full Name"
                            rejectResponderTermination={true}
                            secureTextEntry={false}
                            style={
                              Object {
                                "color": "#49658c",
                                "flex": 1,
                                "minHeight": 28,
                                "paddingVertical": 0,
                                "zIndex": 10,
                              }
                            }
                            testID="userName"
                            underlineColorAndroid="transparent"
                            value=""
                          />
                          <View />
                        </View>
                        <View
                          accessible={true}
                          focusable={true}
                          onClick={[Function]}
                          onResponderGrant={[Function]}
                          onResponderMove={[Function]}
                          onResponderRelease={[Function]}
                          onResponderTerminate={[Function]}
                          onResponderTerminationRequest={[Function]}
                          onStartShouldSetResponder={[Function]}
                          style={
                            Object {
                              "opacity": 1,
                            }
                          }
                          testID="continueButton"
                        >
                          <View
                            style={
                              Array [
                                Object {
                                  "alignItems": "center",
                                  "borderRadius": 5,
                                  "justifyContent": "center",
                                  "margin": 20,
                                  "padding": 15,
                                },
                                Object {
                                  "backgroundColor": "steelblue",
                                },
                              ]
                            }
                          >
                            <Text
                              style={
                                Array [
                                  Object {
                                    "color": "white",
                                    "fontSize": 20,
                                  },
                                  undefined,
                                ]
                              }
                            >
                              Continue
                            </Text>
                          </View>
                        </View>
                      </View>
                    </View>
                  </View>
                </View>
              </View>
            </View>
          </View>
        </View>
      </View>
    </View>
  </RNCSafeAreaProvider>
</View>
`;
