// Jest Snapshot v1, https://goo.gl/fbAQLP

exports[`ButtonVariation renders properly 1`] = `
<View
  style={
    Object {
      "backgroundColor": "black",
      "flex": 1,
      "opacity": 0.9,
    }
  }
>
  <Text
    style={
      Array [
        Object {
          "alignSelf": "center",
          "color": "#595856",
          "fontSize": 40,
          "margin": 20,
        },
        Object {
          "alignSelf": "flex-end",
          "color": "white",
          "fontSize": 25,
        },
      ]
    }
  >
    
  </Text>
  <View
    style={
      Object {
        "bottom": 50,
        "position": "absolute",
        "width": "100%",
      }
    }
  >
    <Text
      style={
        Object {
          "alignSelf": "center",
          "color": "yellow",
        }
      }
    >
      4 variations of a button
    </Text>
    <View
      accessible={true}
      focusable={true}
      onClick={[Function]}
      onResponderGrant={[Function]}
      onResponderMove={[Function]}
      onResponderRelease={[Function]}
      onResponderTerminate={[Function]}
      onResponderTerminationRequest={[Function]}
      onStartShouldSetResponder={[Function]}
      style={
        Object {
          "opacity": 1,
        }
      }
    >
      <View
        style={
          Array [
            Object {
              "alignItems": "center",
              "borderRadius": 5,
              "justifyContent": "center",
              "margin": 20,
              "padding": 15,
            },
            Object {
              "backgroundColor": "transparent",
            },
          ]
        }
      >
        <Text
          style={
            Array [
              Object {
                "color": "white",
                "fontSize": 20,
              },
              Object {
                "color": "steelblue",
                "fontSize": 22,
              },
            ]
          }
        >
          Press me
        </Text>
      </View>
    </View>
    <View
      accessible={true}
      focusable={true}
      onClick={[Function]}
      onResponderGrant={[Function]}
      onResponderMove={[Function]}
      onResponderRelease={[Function]}
      onResponderTerminate={[Function]}
      onResponderTerminationRequest={[Function]}
      onStartShouldSetResponder={[Function]}
      style={
        Object {
          "opacity": 1,
        }
      }
    >
      <View
        style={
          Array [
            Object {
              "alignItems": "center",
              "borderRadius": 5,
              "justifyContent": "center",
              "margin": 20,
              "padding": 15,
            },
            Object {
              "backgroundColor": "lightgray",
            },
          ]
        }
      >
        <Text
          style={
            Array [
              Object {
                "color": "white",
                "fontSize": 20,
              },
              Object {
                "color": "steelblue",
                "fontSize": 22,
              },
            ]
          }
        >
          Press me
        </Text>
      </View>
    </View>
    <View
      accessible={true}
      focusable={true}
      onClick={[Function]}
      onResponderGrant={[Function]}
      onResponderMove={[Function]}
      onResponderRelease={[Function]}
      onResponderTerminate={[Function]}
      onResponderTerminationRequest={[Function]}
      onStartShouldSetResponder={[Function]}
      style={
        Object {
          "opacity": 1,
        }
      }
    >
      <View
        style={
          Array [
            Object {
              "alignItems": "center",
              "borderRadius": 5,
              "justifyContent": "center",
              "margin": 20,
              "padding": 15,
            },
            Object {
              "backgroundColor": "steelblue",
            },
          ]
        }
      >
        <Text
          style={
            Array [
              Object {
                "color": "white",
                "fontSize": 20,
              },
              undefined,
            ]
          }
        >
          Press me
        </Text>
      </View>
    </View>
    <View />
  </View>
</View>
`;
